// Vitest Snapshot v1, https://vitest.dev/guide/snapshot.html

exports[`App > should create List 1`] = `
{
  "asFragment": [Function],
  "baseElement": <body>
    <div>
      <ul
        class="container mx-auto flex justify-center flex-wrap gap-3 p-[20px]"
      >
        <button
          class="cursor-pointer hover:opacity-60"
        >
          <svg
            class="w-6 h-6"
            fill="none"
            stroke="currentColor"
            stroke-width="1.5"
            viewBox="0 0 24 24"
            xmlns="http://www.w3.org/2000/svg"
          >
            <path
              d="M19.5 12h-15m0 0l6.75 6.75M4.5 12l6.75-6.75"
              stroke-linecap="round"
              stroke-linejoin="round"
            />
          </svg>
        </button>
        <li
          class=" bg-violet-500 cursor-pointer p-1.5 rounded"
          data-testid="pagBtn-0"
        >
          1
        </li>
        <button
          class="cursor-pointer hover:opacity-60"
          data-testid="next"
        >
          <svg
            class="w-6 h-6"
            fill="none"
            stroke="currentColor"
            stroke-width="1.5"
            viewBox="0 0 24 24"
            xmlns="http://www.w3.org/2000/svg"
          >
            <path
              d="M4.5 12h15m0 0l-6.75-6.75M19.5 12l-6.75 6.75"
              stroke-linecap="round"
              stroke-linejoin="round"
            />
          </svg>
        </button>
      </ul>
    </div>
  </body>,
  "container": <div>
    <ul
      class="container mx-auto flex justify-center flex-wrap gap-3 p-[20px]"
    >
      <button
        class="cursor-pointer hover:opacity-60"
      >
        <svg
          class="w-6 h-6"
          fill="none"
          stroke="currentColor"
          stroke-width="1.5"
          viewBox="0 0 24 24"
          xmlns="http://www.w3.org/2000/svg"
        >
          <path
            d="M19.5 12h-15m0 0l6.75 6.75M4.5 12l6.75-6.75"
            stroke-linecap="round"
            stroke-linejoin="round"
          />
        </svg>
      </button>
      <li
        class=" bg-violet-500 cursor-pointer p-1.5 rounded"
        data-testid="pagBtn-0"
      >
        1
      </li>
      <button
        class="cursor-pointer hover:opacity-60"
        data-testid="next"
      >
        <svg
          class="w-6 h-6"
          fill="none"
          stroke="currentColor"
          stroke-width="1.5"
          viewBox="0 0 24 24"
          xmlns="http://www.w3.org/2000/svg"
        >
          <path
            d="M4.5 12h15m0 0l-6.75-6.75M19.5 12l-6.75 6.75"
            stroke-linecap="round"
            stroke-linejoin="round"
          />
        </svg>
      </button>
    </ul>
  </div>,
  "debug": [Function],
  "findAllByAltText": [Function],
  "findAllByDisplayValue": [Function],
  "findAllByLabelText": [Function],
  "findAllByPlaceholderText": [Function],
  "findAllByRole": [Function],
  "findAllByTestId": [Function],
  "findAllByText": [Function],
  "findAllByTitle": [Function],
  "findByAltText": [Function],
  "findByDisplayValue": [Function],
  "findByLabelText": [Function],
  "findByPlaceholderText": [Function],
  "findByRole": [Function],
  "findByTestId": [Function],
  "findByText": [Function],
  "findByTitle": [Function],
  "getAllByAltText": [Function],
  "getAllByDisplayValue": [Function],
  "getAllByLabelText": [Function],
  "getAllByPlaceholderText": [Function],
  "getAllByRole": [Function],
  "getAllByTestId": [Function],
  "getAllByText": [Function],
  "getAllByTitle": [Function],
  "getByAltText": [Function],
  "getByDisplayValue": [Function],
  "getByLabelText": [Function],
  "getByPlaceholderText": [Function],
  "getByRole": [Function],
  "getByTestId": [Function],
  "getByText": [Function],
  "getByTitle": [Function],
  "queryAllByAltText": [Function],
  "queryAllByDisplayValue": [Function],
  "queryAllByLabelText": [Function],
  "queryAllByPlaceholderText": [Function],
  "queryAllByRole": [Function],
  "queryAllByTestId": [Function],
  "queryAllByText": [Function],
  "queryAllByTitle": [Function],
  "queryByAltText": [Function],
  "queryByDisplayValue": [Function],
  "queryByLabelText": [Function],
  "queryByPlaceholderText": [Function],
  "queryByRole": [Function],
  "queryByTestId": [Function],
  "queryByText": [Function],
  "queryByTitle": [Function],
  "rerender": [Function],
  "unmount": [Function],
}
`;

exports[`App > should render Pagination 1`] = `
{
  "asFragment": [Function],
  "baseElement": <body>
    <div>
      <ul
        class="container mx-auto flex justify-center flex-wrap gap-3 p-[20px]"
      >
        <button
          class="cursor-pointer hover:opacity-60"
        >
          <svg
            class="w-6 h-6"
            fill="none"
            stroke="currentColor"
            stroke-width="1.5"
            viewBox="0 0 24 24"
            xmlns="http://www.w3.org/2000/svg"
          >
            <path
              d="M19.5 12h-15m0 0l6.75 6.75M4.5 12l6.75-6.75"
              stroke-linecap="round"
              stroke-linejoin="round"
            />
          </svg>
        </button>
        <li
          class=" bg-violet-500 cursor-pointer p-1.5 rounded"
          data-testid="pagBtn-0"
        >
          1
        </li>
        <button
          class="cursor-pointer hover:opacity-60"
          data-testid="next"
        >
          <svg
            class="w-6 h-6"
            fill="none"
            stroke="currentColor"
            stroke-width="1.5"
            viewBox="0 0 24 24"
            xmlns="http://www.w3.org/2000/svg"
          >
            <path
              d="M4.5 12h15m0 0l-6.75-6.75M19.5 12l-6.75 6.75"
              stroke-linecap="round"
              stroke-linejoin="round"
            />
          </svg>
        </button>
      </ul>
    </div>
  </body>,
  "container": <div>
    <ul
      class="container mx-auto flex justify-center flex-wrap gap-3 p-[20px]"
    >
      <button
        class="cursor-pointer hover:opacity-60"
      >
        <svg
          class="w-6 h-6"
          fill="none"
          stroke="currentColor"
          stroke-width="1.5"
          viewBox="0 0 24 24"
          xmlns="http://www.w3.org/2000/svg"
        >
          <path
            d="M19.5 12h-15m0 0l6.75 6.75M4.5 12l6.75-6.75"
            stroke-linecap="round"
            stroke-linejoin="round"
          />
        </svg>
      </button>
      <li
        class=" bg-violet-500 cursor-pointer p-1.5 rounded"
        data-testid="pagBtn-0"
      >
        1
      </li>
      <button
        class="cursor-pointer hover:opacity-60"
        data-testid="next"
      >
        <svg
          class="w-6 h-6"
          fill="none"
          stroke="currentColor"
          stroke-width="1.5"
          viewBox="0 0 24 24"
          xmlns="http://www.w3.org/2000/svg"
        >
          <path
            d="M4.5 12h15m0 0l-6.75-6.75M19.5 12l-6.75 6.75"
            stroke-linecap="round"
            stroke-linejoin="round"
          />
        </svg>
      </button>
    </ul>
  </div>,
  "debug": [Function],
  "findAllByAltText": [Function],
  "findAllByDisplayValue": [Function],
  "findAllByLabelText": [Function],
  "findAllByPlaceholderText": [Function],
  "findAllByRole": [Function],
  "findAllByTestId": [Function],
  "findAllByText": [Function],
  "findAllByTitle": [Function],
  "findByAltText": [Function],
  "findByDisplayValue": [Function],
  "findByLabelText": [Function],
  "findByPlaceholderText": [Function],
  "findByRole": [Function],
  "findByTestId": [Function],
  "findByText": [Function],
  "findByTitle": [Function],
  "getAllByAltText": [Function],
  "getAllByDisplayValue": [Function],
  "getAllByLabelText": [Function],
  "getAllByPlaceholderText": [Function],
  "getAllByRole": [Function],
  "getAllByTestId": [Function],
  "getAllByText": [Function],
  "getAllByTitle": [Function],
  "getByAltText": [Function],
  "getByDisplayValue": [Function],
  "getByLabelText": [Function],
  "getByPlaceholderText": [Function],
  "getByRole": [Function],
  "getByTestId": [Function],
  "getByText": [Function],
  "getByTitle": [Function],
  "queryAllByAltText": [Function],
  "queryAllByDisplayValue": [Function],
  "queryAllByLabelText": [Function],
  "queryAllByPlaceholderText": [Function],
  "queryAllByRole": [Function],
  "queryAllByTestId": [Function],
  "queryAllByText": [Function],
  "queryAllByTitle": [Function],
  "queryByAltText": [Function],
  "queryByDisplayValue": [Function],
  "queryByLabelText": [Function],
  "queryByPlaceholderText": [Function],
  "queryByRole": [Function],
  "queryByTestId": [Function],
  "queryByText": [Function],
  "queryByTitle": [Function],
  "rerender": [Function],
  "unmount": [Function],
}
`;
